# === PATH UMUM DISCOURSE ===
/admin
/logs
/latest
/latest.json
/new
/unread
/top
/c/
/t/
/tags
/tag/
/categories
/categories.json
/search
/u/
/user-api-key
/about
/robots.txt
/metadata
/404
/410
/500
/favicons
/manifest.webmanifest
/manifest.json
/favicon.ico
/opensearch.xml
/metadata/manifest.json
/site/basic-info.json
/service-worker.js

# === LOGIN & SESSION ===
/session
/session/csrf.json
/login
/logout

# === CHAT & MESSAGE BUS ===
/chat
/chat/
/chat/c
/chat/api
/chat/api/me
/chat/api/me/channels
/chat/api/direct-message-channels.json
/chat/api/channels
/chat/api/channels/
/chat/api/channels/0
/chat/api/channels/0/messages
/chat/api/channels/0/read
/chat/api/channels/0/drafts
/chat/api/channels/1/messages
/chat/api/channels/1/read
/chat/api/channels/1/drafts
/chat/api/channels/2/messages
/chat/api/channels/2/drafts
/chat/api/channels/3/messages
/chat/api/channels/3/drafts
/chat/api/channels/13/messages
/chat/api/channels/13/drafts
/chat/api/channels/14/messages
/chat/api/channels/14/drafts
/chat/compose
/message-bus
/message-bus/
/presence
/presence/get

# === USER, NOTIFIKASI, DRAFT ===
/notifications
/bookmarks
/review
/user-status.json
/permalink-check.json
/draft
/docs
/groups
/invites
/badges
/faq
/tos
/privacy
/user_badges
/cakeday
/user_actions

# === ASSETS & STATIC ===
/emoji
/emoji/
/images
/images/
/images/emoji/
/images/emoji/apple/
/theme-javascripts
/theme-javascripts/
/theme-stylesheets
/theme-stylesheets/
/assets
/assets/
/fonts
/javascripts
/javascripts/
/stylesheets
/stylesheets/
/locales
/highlight-js/
/extra-locales/
/svg-sprite
/svg-sprite/

# === UPLOADS & AVATAR ===
/uploads
/uploads/
/uploads/default
/uploads/optimized
/uploads/short-url
/uploads/secure
/uploads/default/original
/uploads/default/optimized
/uploads/default/original/1X
/uploads/default/optimized/1X
/letter_avatar_proxy

# === ADMIN PANEL & UPGRADE ===
/admin/upgrade.json
/admin/docker.json
/admin/customize
/logs/report_js_error

# === ONEBOX & EMBED ===
/embed
/onebox
/email
/webhooks/

# === MINI PROFILER ===
/mini-profiler-resources
/mini-profiler-resources/

# === ANTICIPATED FUTURE EXTENSIONS (OPTIONAL) ===
/theme-javascripts/
/highlight-js/
/extra-locales/
/chat/api/channels/.*/messages
/chat/api/channels/.*/drafts
